.........................SSSLLLLLLLLLLLLLLLLLLLLLLLLLLLLLLLLLLLLLLLLLLLLLLLLLLLLLLLLLLLLLLLLLLLLLLLLLLLSSSSSS...................
.........................SSSLLLLLLLLLLLLLLLLLLLLLLLLLLLLLLLLLLLLLLLLLLLLLLLLLLLLLLLLLLLLLLLLLLLLLLLLLLLLSSSSS...................
.........................SSSLLLLLLLLLLLLLLLLLLLLLLLLLLLLLLLLLLLLLLLLLLLLLLLLLLLLLLLLLLLLLLLLLLLLLLLLLLLLLSSSSS..................
.........................SSSSLLLLLLLLLLLLLLLLLLLLLLLLLLLLLLLLLLLLLLLLLLLLLLLLLLLLLLLLLLLLLLLLLLLLLLLLLLLLLSSSSS.................
.........................SSSSSSLLLLLLLLLLLLLLLLLLLLLLLLLLLLLLLLLLLLLLLLLLLLLLLLLLLLLLLLLLLLLLLLLLLLLLLLLLLSSSSSS................
..........................SSSSSSSSSSLLLLLLLLLLLLLLLLLLLLLLLLLLLLLLLLLLLLLLLLLLLLLLLLLLLLLLLLLLLLLLLLLLLLLLLSSSSS................
..........................SSSSSSSSSSSSSLLLLLLLLLLLLLLLLLLLLLLLLLLLLLLLLLLLLLLLLLLLLLLLLLLLLLLLLLLLLLLLLLLLLLSSSS................
............................SSSS..SSSSSSSLLLLLLLLLLLLLLLLLLLLLLLLLLLLLLLLLLLLLLLLLLLLLLLLLLLLLLLLLLLLLLLLLLSSSSS................
...................................SSSSSSSLLLLLLLLLLLLLLLLLLLLLLLLLLLLLLLLLLLLLLLLLLLLLLLLLLLLLLLLLLLLLLLSSSSSSS................
....................................SSSSSSSSLLLLLLLLLLLLLLLLLLLLLLLLLLLLLLLLLLLLLLLLLLLLLLLLLLLLLLLLLLLLSSSSSSS.................
......................................SSSSSSSSLLLLLLLLLLLLLLLLLLLLLLLLLLLLLLLLLLLLLLLLLLLLLLLLLLLLLLLLLLSSSSSS..................
.......................................SSSSSSSSLLLLLLLLLLLLLLLLLLLLLLLLLLLLLLLLLLLLLLLLLLLLLLLLLLLLLLLSSSSSS....................
.........................................SSSSSSSLLLLLLLLLLLLLLLLLLLLLLLLLLLLLLLLLLLLLLLLLLLLLLLLLLLLLSSSSSS.....................
...........................................SSSSSSSLLLLLLLLLLLLLLLLLLLLLLLLLLLLLLLLLLLLLLLLLLLLLLLLLLSSSSSSS.....................
............................................SSSSSSSSLLLLLLLLLLLLLLLLLLLLLLLLLLLLLLLLLLLLLLLLLLLLLLLLSSSSS.......................
.............................................SSSSSSSSSSLLLLLLLLLLLLLLLLLLLLLLLLLLLLLLLLLLLLLLLLLLLLLSSSS........................
...............................................SSSSSSSSSSSSSLLLLLLLLLLLLLLLLLLLLLLLLLLLLLLLLLLLLLLLSSSS.........................
.....................................................SSSSSSSLLLLLLLLLLLLLLLLLLLLLLLLLLLLLLLLLLLLLLLSSSS.........................
........................................................SSSSSSSSSLLLLLLLLLLLLLLLLLLLLLLLLLLLLLLLLLLSSSS.........................
.........................................................SSSSSSSSSLLLLLLLLLLLLLLLLLLLLLLLLLLLLLLLLLSSS..........................
............................................................SSSSSSLLLLLLLLLLLLLLLLLLLLLLLLLLLLLLLLSSSS..........................
..............................................................SSSSLLLLLLLLLLLLLLLLLLLLLLLLLLLLLLLLLSSS..........................
...............................................................SSSLLLLLLLLLLLLLLLLLLLLLLLLLLLLLLLLLSSS..........................
...............................................................SSSSLLLLLLLLLLLLLLLLLLLLLLLLLLLLLLLLSSS..........................
...............................................................SSSSSLLLLLLLLLLLLLLLLLLLLLLLLLLLLLLLSSS..........................
...............................................................SSSSSSSLLLLLLLLLLLLLLLLLLLLLLLLLLLLLSSSS.........................
................................................................SSSSSSSLLLLLLLLLLLLLLLLLLLLLLLLLLLLSSSS.........................
.................................................................SSSSSSSLLLLLLLLLLLLLLLLLLLLLLLLLLLSSSS.........................
...................................................................SSSSSSLLLLLLLLLLLLLLLLLLLLLLLLLLSSSS.........................
....................................................................SSSSSLLLLLLLLLLLLLLLLLLLLLLLLLSSSSS.........................
.....................................................................SSSSSLLLLLLLLLLLLLLLLLLLLLLLSSSSS..........................
......................................................................SSSSSLLLLLLLLLLLLLLLLLLLLSSSSSSS..........................
......................................................................SSSSSSLLLLLLLLLLLLLLLLLSSSSSSSS...........................
.......................................................................SSSSSSLLLLLLLLLLLLLSSSSSSSSSS............................
........................................................................SSSSSSLLLLLLLLLLSSSSSSSSSS..............................
.........................................................................SSSSSSSLLLLLSSSSSSSS...................................
..........................................................................SSSSSSSSLSSSSSSSS.....................................
...........................................................................SSSSSSSSSSSSSSS......................................
.............................................................................SSSSSSSSSSSS.......................................
...............................................................................SSSSSSS..........................................
.................................................................................SSS............................................
................................................................................................................................
................................................................................................................................
................................................................................................................................
................................................................................................................................
................................................................................................................................
................................................................................................................................
................................................................................................................................
................................................................................................................................
................................................................................................................................
................................................................................................................................
................................................................................................................................
................................................................................................................................
................................................................................................................................
.......................................................................SS.......................................................
......................................................................SSSSS.....................................................
.....................................................................SSSSSSS....................................................
.............................................................SSSS..SSSSSSSSS....................................................
.........................................................SSSSSSSSSSSSSSSSSSS....................................................
........................................................SSSSSSSSSSSSSSSSLSSS....................................................
........................................................SSSSSSSSSSSSSSLLLSSSSSSS................................................
......................................................SSSSSSLLLLLLLLLLLLLSSSSSSSS...............................................
.....................................................SSSSSSLLLLLLLLLLLLLLSSSSSSSS...............................................
....................................................SSSSSSSLLLLLLLLLLLLLLLLLLSSSSS..............................................
....................................................SSSSSLLLLLLLLLLLLLLLLLLLLLSSSS..............................................
.................................................SSSSSSSLLLLLLLLLLLLLLLLLLLLLLSSSS..............................................
................................................SSSSSSSLLLLLLLLLLLLLLLLLLLLLLLLSSSS.............................................
...............................................SSSSSSSSLLLLLLLLLLLLLLLLLLLLLLLLSSSSS............................................
..............................................SSSSSSLLLLLLLLLLLLLLLLLLLLLLLLLLLSSSSSS...........................................
..............................................SSSSSLLLLLLLLLLLLLLLLLLLLLLLLLLLLLSSSSSS..........................................
..............................................SSSSLLLLLLLLLLLLLLLLLLLLLLLLLLLLLLLSSSSS..........................................
..............................................SSSLLLLLLLLLLLLLLLLLLLLLLLLLLLLLLLLLSSSSS.........................................
............................................SSSSSLLLLLLLLLLLLLLLLLLLLLLLLLLLLLLLLLLSSSS.........................................
..........................................SSSSSSSLLLLLLLLLLLLLLLLLLLLLLLLLLLLLLLLLLSSSS.........................................
...................................SSSSSSSSSSSSSSLLLLLLLLLLLLLLLLLLLLLLLLLLLLLLLLLLLSSS.........................................
.................................SSSSSSSSSSSSSSLLLLLLLLLLLLLLLLLLLLLLLLLLLLLLLLLLLLLSSSS........................................
................................SSSSSSSSSSSSSLLLLLLLLLLLLLLLLLLLLLLLLLLLLLLLLLLLLLLLSSSS........................................
...............................SSSSSSSLLLLLLLLLLLLLLLLLLLLLLLLLLLLLLLLLLLLLLLLLLLLLLSSSS........................................
..............................SSSSSSLLLLLLLLLLLLLLLLLLLLLLLLLLLLLLLLLLLLLLLLLLLLLLLLSSSS........................................
.............................SSSSSSLLLLLLLLLLLLLLLLLLLLLLLLLLLLLLLLLLLLLLLLLLLLLLLLLSSS.........................................
............................SSSSSSLLLLLLLLLLLLLLLLLLLLLLLLLLLLLLLLLLLLLLLLLLLLLLLLLLSSSS........................................
...........................SSSSSSLLLLLLLLLLLLLLLLLLLLLLLLLLLLLLLLLLLLLLLLLLLLLLLLLLLSSSS........................................
..........................SSSSSSLLLLLLLLLLLLLLLLLLLLLLLLLLLLLLLLLLLLLLLLLLLLLLLLLLLLSSSSS.......................................
.........................SSSSSSLLLLLLLLLLLLLLLLLLLLLLLLLLLLLLLLLLLLLLLLLLLLLLLLLLLLLLSSSS.......................................
........................SSSSSSLLLLLLLLLLLLLLLLLLLLLLLLLLLLLLLLLLLLLLLLLLLLLLLLLLLLLLLSSSSS......................................
.......................SSSSSSLLLLLLLLLLLLLLLLLLLLLLLLLLLLLLLLLLLLLLLLLLLLLLLLLLLLLLLLLSSSS......................................
.......................SSSSSLLLLLLLLLLLLLLLLLLLLLLLLLLLLLLLLLLLLLLLLLLLLLLLLLLLLLLLLLLSSSS......................................
......................SSSSSLLLLLLLLLLLLLLLLLLLLLLLLLLLLLLLLLLLLLLLLLLLLLLLLLLLLLLLLLLLLSSS......................................
......................SSSSLLLLLLLLLLLLLLLLLLLLLLLLLLLLLLLLLLLLLLLLLLLLLLLLLLLLLLLLLLLLLSSS......................................
......................SSSSLLLLLLLLLLLLLLLLLLLLLLLLLLLLLLLLLLLLLLLLLLLLLLLLLLLLLLLLLLLLLSSS......................................
......................SSSLLLLLLLLLLLLLLLLLLLLLLLLLLLLLLLLLLLLLLLLLLLLLLLLLLLLLLLLLLLLLLSSS......................................
......................SSSSLLLLLLLLLLLLLLLLLLLLLLLLLLLLLLLLLLLLLLLLLLLLLLLLLLLLLLLLLLLLLSSS......................................
......................SSSSLLLLLLLLLLLLLLLLLLLLLLLLLLLLLLLLLLLLLLLLLLLLLLLLLLLLLLLLLLLLSSSS......................................
.SSS..................SSSSLLLLLLLLLLLLLLLLLLLLLLLLLLLLLLLLLLLLLLLLLLLLLLLLLLLLLLLLLLLLSSSS......................................
SSSSS..SSSSS...........SSSLLLLLLLLLLLLLLLLLLLLLLLLLLLLLLLLLLLLLLLLLLLLLLLLLLLLLLLLLLLSSSSS......................................
LLSSSSSSSSSS..........SSSSLLLLLLLLLLLLLLLLLLLLLLLLLLLLLLLLLLLLLLLLLLLLLLLLLLLLLLLLLLLSSSS.......................................
LLLSSSSSSSSSS........SSSSSLLLLLLLLLLLLLLLLLLLLLLLLLLLLLLLLLLLLLLLLLLLLLLLLLLLLLLLLLLLSSSS.......................................
LLLLLLSSSSSSSS......SSSSSSLLLLLLLLLLLLLLLLLLLLLLLLLLLLLLLLLLLLLLLLLLLLLLLLLLLLLLLLLLSSSS........................................
LLLLLLLLLSSSSSS....SSSSSSLLLLLLLLLLLLLLLLLLLLLLLLLLLLLLLLLLLLLLLLLLLLLLLLLLLLLLLLLLLSSSS........................................
LLLLLLLLLLSSSSSSSSSSSSSSLLLLLLLLLLLLLLLLLLLLLLLLLLLLLLLLLLLLLLLLLLLLLLLLLLLLLLLLLLLLSSSS........................................
LLLLLLLLLLLSSSSSSSSSSSSLLLLLLLLLLLLLLLLLLLLLLLLLLLLLLLLLLLLLLLLLLLLLLLLLLLLLLLLLLLLLSSS.........................................
LLLLLLLLLLLLSSSSSSSSSSLLLLLLLLLLLLLLLLLLLLLLLLLLLLLLLLLLLLLLLLLLLLLLLLLLLLLLLLLLLLLLSSS.........................................
LLLLLLLLLLLLLLLLLLLLLLLLLLLLLLLLLLLLLLLLLLLLLLLLLLLLLLLLLLLLLLLLLLLLLLLLLLLLLLLLLLLLSSS.........................................
LLLLLLLLLLLLLLLLLLLLLLLLLLLLLLLLLLLLLLLLLLLLLLLLLLLLLLLLLLLLLLLLLLLLLLLLLLLLLLLLLLLLSSS.........................................
LLLLLLLLLLLLLLLLLLLLLLLLLLLLLLLLLLLLLLLLLLLLLLLLLLLLLLLLLLLLLLLLLLLLLLLLLLLLLLLLLLLLSSS.........................................
LLLLLLLLLLLLLLLLLLLLLLLLLLLLLLLLLLLLLLLLLLLLLLLLLLLLLLLLLLLLLLLLLLLLLLLLLLLLLLLLLLLLSSS.........................................
LLLLLLLLLLLLLLLLLLLLLLLLLLLLLLLLLLLLLLLLLLLLLLLLLLLLLLLLLLLLLLLLLLLLLLLLLLLLLLLLLLLLSSS.........................................
LLLLLLLLLLLLLLLLLLLLLLLLLLLLLLLLLLLLLLLLLLLLLLLLLLLLLLLLLLLLLLLLLLLLLLLLLLLLLLLLLLLLSSS.........................................
LLLLLLLLLLLLLLLLLLLLLLLLLLLLLLLLLLLLLLLLLLLLLLLLLLLLLLLLLLLLLLLLLLLLLLLLLLLLLLLLLLLLSSS.........................................
LLLLLLLLLLLLLLLLLLLLLLLLLLLLLLLLLLLLLLLLLLLLLLLLLLLLLLLLLLLLLLLLLLLLLLLLLLLLLLLLLLLLSSSS........................................
LLLLLLLLLLLLLLLLLLLLLLLLLLLLLLLLLLLLLLLLLLLLLLLLLLLLLLLLLLLLLLLLLLLLLLLLLLLLLLLLLLLLLSSSSS......................................
LLLLLLLLLLLLLLLLLLLLLLLLLLLLLLLLLLLLLLLLLLLLLLLLLLLLLLLLLLLLLLLLLLLLLLLLLLLLLLLLLLLLLLSSSSS.....................................
LLLLLLLLLLLLLLLLLLLLLLLLLLLLLLLLLLLLLLLLLLLLLLLLLLLLLLLLLLLLLLLLLLLLLLLLLLLLLLLLLLLLLLLSSSS.....................................
LLLLLLLLLLLLLLLLLLLLLLLLLLLLLLLLLLLLLLLLLLLLLLLLLLLLLLLLLLLLLLLLLLLLLLLLLLLLLLLLLLLLLLLSSSS.....................................
LLLLLLLLLLLLLLLLLLLLLLLLLLLLLLLLLLLLLLLLLLLLLLLLLLLLLLLLLLLLLLLLLLLLLLLLLLLLLLLLLLLLLLLLSSSS....................................
LLLLLLLLLLLLLLLLLLLLLLLLLLLLLLLLLLLLLLLLLLLLLLLLLLLLLLLLLLLLLLLLLLLLLLLLLLLLLLLLLLLLLLLLSSSS....................................
LLLLLLLLLLLLLLLLLLLLLLLLLLLLLLLLLLLLLLLLLLLLLLLLLLLLLLLLLLLLLLLLLLLLLLLLLLLLLLLLLLLLLLLLSSSSSS..................................
LLLLLLLLLLLLLLLLLLLLLLLLLLLLLLLLLLLLLLLLLLLLLLLLLLLLLLLLLLLLLLLLLLLLLLLLLLLLLLLLLLLLLLLLLSSSSSS.................................
LLLLLLLLLLLLLLLLLLLLLLLLLLLLLLLLLLLLLLLLLLLLLLLLLLLLLLLLLLLLLLLLLLLLLLLLLLLLLLLLLLLLLLLLLSSSSSSS................................
LLLLLLLLLLLLLLLLLLLLLLLLLLLLLLLLLLLLLLLLLLLLLLLLLLLLLLLLLLLLLLLLLLLLLLLLLLLLLLLLLLLLLLLLLLLSSSSS................................
LLLLLLLLLLLLLLLLLLLLLLLLLLLLLLLLLLLLLLLLLLLLLLLLLLLLLLLLLLLLLLLLLLLLLLLLLLLLLLLLLLLLLLLLLLLLSSSSS...............................
LLLLLLLLLLLLLLLLLLLLLLLLLLLLLLLLLLLLLLLLLLLLLLLLLLLLLLLLLLLLLLLLLLLLLLLLLLLLLLLLLLLLLLLLLLLLLSSSSS..............................
LLLLLLLLLLLLLLLLLLLLLLLLLLLLLLLLLLLLLLLLLLLLLLLLLLLLLLLLLLLLLLLLLLLLLLLLLLLLLLLLLLLLLLLLLLLLLSSSSS..............................
LLLLLLLLLLLLLLLLLLLLLLLLLLLLLLLLLLLLLLLLLLLLLLLLLLLLLLLLLLLLLLLLLLLLLLLLLLLLLLLLLLLLLLLLLLLLLLLSSSSS............................
LLLLLLLLLLLLLLLLLLLLLLLLLLLLLLLLLLLLLLLLLLLLLLLLLLLLLLLLLLLLLLLLLLLLLLLLLLLLLLLLLLLLLLLLLLLLLLLLSSSS............................
LLLLLLLLLLLLLLLLLLLLLLLLLLLLLLLLLLLLLLLLLLLLLLLLLLLLLLLLLLLLLLLLLLLLLLLLLLLLLLLLLLLLLLLLLLLLLLLLLLSSS...........................
LLLLLLLLLLLLLLLLLLLLLLLLLLLLLLLLLLLLLLLLLLLLLLLLLLLLLLLLLLLLLLLLLLLLLLLLLLLLLLLLLLLLLLLLLLLLLLLLLLSSS...........................
LLLLLLLLLLLLLLLLLLLLLLLLLLLLLLLLLLLLLLLLLLLLLLLLLLLLLLLLLLLLLLLLLLLLLLLLLLLLLLLLLLLLLLLLLLLLLLLLLLSSS...........................
