................................................................................................................................
................................................................................................................................
................................................................................................................................
................................................................................................................................
................................................................................................................................
................................................................................................................................
................................................................................................................................
................................................................................................................................
................................................................................................................................
................................................................................................................................
................................................................................................................................
................................................................................................................................
................................................................................................................................
................................................................................................................................
................................................................................................................................
................................................................................................................................
................................................................................................................................
................................................................................................................................
................................................................................................................................
................................................................................................................................
................................................................................................................................
................................................................................................................................
................................................................................................................................
................................................................................................................................
................................................................................................................................
................................................................................................................................
................................................................................................................................
................................................................................................................................
................................................................................................................................
................................................................................................................................
................................................................................................................................
................................................................................................................................
................................................................................................................................
................................................................................................................................
................................................................................................................................
................................................................................................................................
................................................................................................................................
................................................................................................................................
................................................................................................................................
................................................................................................................................
................................................................................................................................
................................................................................................................................
................................................................................................................................
................................................................................................................................
................................................................................................................................
................................................................................................................................
................................................................................................................................
................................................................................................................................
................................................................................................................................
................................................................................................................................
................................................................................................................................
.........................................................##########.............................................................
......................................................################..........................................................
....................................................#####################.......................................................
....................................................########################....................................................
...................................................##########################...................................................
....................................................########################....................................................
...................................................########################.....................................................
....................................................######################......................................................
...................................................########################.....................................................
....................................................######################......................................................
.....................................................###################........................................................
.........................................................###..##...##...........................................................
................................................................................................................................
................................................................................................................................
.......................................................##..###.#####...###......................................................
......................................................#####################.....................................................
.....................................................######################.....................................................
.....................................................#####################......................................................
.....................................................#####################......................................................
.....................................................######################.....................................................
....................................................########################....................................................
...................................................##########################...................................................
.....................................................#########################..................................................
....................................................#########################...................................................
......................................................#######################...................................................
......................................................#######################...................................................
........................................................###################.....................................................
...........................................................#####......####......................................................
................................................................................................................................
................................................................................................................................
................................................................................................................................
................................................................................................................................
................................................................................................................................
................................................................................................................................
................................................................................................................................
................................................................................................................................
................................................................................................................................
................................................................................................................................
................................................................................................................................
................................................................................................................................
................................................................................................................................
................................................................................................................................
................................................................................................................................
............................................................................................ooooooooooooooo.....................
............................................................................................ooooooooooooooo.....................
............................................................................................ooooooooooooooo.....................
............................................................................................ooooooooooooooo.....................
............................................................................................ooooooooooooooo.....................
............................................................................................ooooooooooooooo.....................
................................................................................................................................
................................................................................................................................
................................................................................................................................
................................................................................................................................
................................................................................................................................
................................................................................................................................
................................................................................................................................
................................................................................................................................
................................................................................................................................
................................................................................................................................
................................................................................................................................
................................................................................................................................
................................................................................................................................
................................................................................................................................
................................................................................................................................
................................................................................................................................
................................................................................................................................
................................................................................................................................
................................................................................................................................
................................................................................................................................
................................................................................................................................
................................................................................................................................
................................................................................................................................
................................................................................................................................
................................................................................................................................
................................................................................................................................
................................................................................................................................
................................................................................................................................
