......................................................................................................SSSSSSSS.................S
............................................................................SSS......................SCCCCSSSSSSSS..............
..........................................................................SSSSSSS...................SCCLLCCCCCCSSSSSSS.........S
..........................................................................SSCLCCSSS................SSCCLLLLLLLLCSSSCCCS.........S
..........................................................................SSCLLLCCSSS.............SCCLLLLLLLLLCSSCCLCSS........S
..........................................................................SSCLLLLCCCS............SSCLLLLLLLLLLCSSCLLLCS........S
..........................................................................SSCLLLLLLCSS......SSSSSSCLLLLLLLLCCCCSSCCLCCS........S
...........................................................................SCLLLLLLCSSS...SSCCCCSCCLLLLCCCCSSSS..SCCCS.........S
...........................................................................SCLLLLLLLCCSS..SSCLLCCCLLLLCSSSSS.....SSSS..........S
...........................................................................SSCLLLLLLLCCSSSSSCLLLLLLLLCCSS......................S
...........................................................................SSCLLLLLLLLCCSSSSCLLLLLLLCCSS.......................S
............................................................................SSCLLLLLLLLCCCCCCLLLLLLCCS.........................S
.............................................................................SCCLLLLLLLLLLLLLLLLLLCCS..........................S
.............................................................................SSCLLLLLLLLLLLLLLLLLCCS...........................S
..............................................................................SCLLLLLLLLLLLLLLLCCSS.............................
..............................................................................SCLLLLLLLLLLLLLLLCSS..............................
..............................................................................SCLLLLLLLLLLLLLLLCS...............................
..............................................................................SCLLLLLLLLLLLLLLLCS...............................
..............................................................................SCCLLLLCCCLLLLLCCS................................
..............................................................................SSCCCCCSSCCCCCCSS.................................
..............................................................................SSSSSSSSSSSSSSSS..................................
................................................................................................................................
................................................................................................................................
................................................................................................................................
.........................................................................................SS.....................................
.......................................................................................SSSCCSS..................................
....................................................................................SSSSCCLCCSS.................................
.................................................................................SSSSSCCLLLLCCS.................................
...............................................................................SSSSCCCLLLLLLLCSS................................
..............................................................................SSCCLLLLLLLLLLLCSS................................
.............................................................................SSCLLLLLLLLLLLLLCSS................................
............................................................................SSCLLLLLLLLLLLLLLCSS................................
...........................................................................SCCCLLLLLLLLLLLLLCSSS................................
..........................................................................SSCLLLLLLLLLLLLLLLCS..................................
..........................................................................SCLLLLLLLLLLLLLLLLCS..................................
........................................................................SSSCLLLLLLLLLLLLLLLCS...................................
.......................................................................SSSCLLLLLLLLLLLLLLLLCS...................................
......................................................................SSSCLLLLLLLLLLLLLLLLLCS...................................
.......................................................................SCLLLLLLLLLLLLLLLLLLCS...................................
.......................................................................SCLLLLLLLLLLLLLLLLLCSS...................................
.......................................................................SCLLLLLLLLLLLLLLLCCSS....................................
.......................................................................SCLLLLLLLLLLLLLCSSSS...SS.S..............................
......................................................................SCCLLLLLLLLLLLLLCSS....SCCCCSS............................
......................................................................SCLLLLLLLLLLLLLCSS....SCCCLCCSS...........................
.....................................................................SCCLLLLLLLLLLLLCSS....SSCLLLLCSS...........................
....................................................................SCCLLLLLLLLLLLLCSS......SCLLLLCSS...........................
...................................................................SSCLLLLLLLLLLLLLCS......SSCCLLLCS............................
..................................................................SCCLLLLLLLLLLLLLCS.......SSCCCCCCS............................
..................................................................SCLLLLLLLLLLLLLLCS.........SSSSSS.............................
.................................................................SCCLLLLLLLLLLLLLLCS............................................
................................................................SSCLLLLLLLLLLLLLLLCS............................................
...............................................................SCCLLLLLLLLLLLLLLLCSS............................................
..............................................................SSCLLLLLLLLLLLLLLLLCS.............................................
..............................................................SCLLLLLLLLLLLLLLLLLCS.............................................
.............................................................SSCLLLLLLLLLLLLLLLLCSS.............................................
............................................................SSCLLLLLLLLLLLLLLLLLCSS......................SSSSS..................
...........................................................SSCLLLLLLLLLLLLLLLCCCCS...............SS.....SCCLCCS.................
..........................................................SSCCLLLLLLLLLLLLLCCSSSS...............SCCCS.SSSCLLLCS.................
..........................................................SCCLLLLLLLLLLLLCCSSSS................SSCLCCSSCCCLLLCS.................
.........................................................SSCLLLLLLLLLLLLCSSSS.................SSCLLLCCCCCLLLLSS.................
.......................................................SSSCLLLLLLLLLLLLCSS...................SSCLLLLLLLLLLLCCS..................
......................................................SSSCLLLLLLLLLLLLLCS....................SCLLLLLLLLLLLLCS...................
..................................................SSSSSSCLLLLLLLLLLLLLLCS...................SSCLLLLLLLLLCCCS....................
.................................................SSCSSCCLLLLLLLLLLLLLLCSS...................SSCLLLLLLLCCSSS.....................
...............................................SSCCCCCCLLLLLLLLLLLLLLLCSS...................SSCLSCCCCCSSS.......................
............................................SSSSCCLLLLLLLLLLLLLLLLLLLCSS.................SSSSSSSSSSSSS..........................
............................................SSCCLLLLLLLLLLLLLLLLLLLLCCSSSSSSSSS..........SSSSSSS................................
.........................................SSSSSCLLLLLLLLLLLLLLLLLLLLLCCCCCCCSSSS........SSCCCCCSS................................
........................................SSSSCCLLLLLLLLLLLLLLLLLLLLLLLLLLLLCCCCSSS......SCLLLLLCS................................
.....................................SSSCCCCLLLLLLLLLLLLLLLLLLLLLLLLLLLLLLLLLLCSSS..SSSSCLLLLLCS................................
...................................SSSSSCLLLLLLLLLLLLLLLLLLLLLLLLLLLLLLLLLLLLLCSSS.SCCCCCCLLLCC.................................
..................................SSCCCCLLLLLLLLLLLLLLLLLLLLLLLLLLLLLLLLLLLLLLCCSSSSCLLLCCLCCCS.................................
..................................SCLLLLLLLLLLLLLLLLLLLLLLLLLLLLLLLLLLLLLLLLLLLCCS.SCLLLCCCCCCCS................................
.................................SSCLLLLLLLLLLLLLLLLLLLLLLLLLLLLLLLLLLLLLLLLLLLLCCSSCLLLCCCCCCLCS...............................
.................................SCCLLLLLLLLLLLLLLLLLLLLLLLLLLLLLLLLLLLLLLLLLLLLLCSSCCCCCCCCLLLCS...............................
................................SSCLLLLLLLLLLLLLLLLLLLLLLLLLLLLLLLLLLLLLLLLLLLLLLCSCCCCCCCCLLLLCCS..............................
...............................SSCLLLLLLLLLLLLLLLLLLLLLLLLLLLLLLLLLLLLLLLLLLLLLLCCCCLLCCCLLLLLLCCS..............................
...............................SCLLLLLLLLLLLLLLLLLLLLLLLLLLLLLLLLLLLLLLLLLLLLLLLCCCLLLCSCLLLLLCSS...............................
..............................SSCLLLLLLLLLLLLLLLLLLLLLLLLLLLLLLLLLLLLLLLLLLLLLLLCCCLLCCSCCLLLLCS................................
..............................SCCLLLLLLLLLLLLLLLLLLLLLLLLLLLLLLLLLLLLLLLLLLLLLLLCCLLLCSSSCLLCCS.................................
..............................SCLLLLLLLLLLLLLLLLLLLLLLLLLLLLLLLLLLLLLLLLLLLLLLLCCCCLLCSSSCCCCSS.................................
..............................SCCLLLLLLLLLLLLLLLLLLLLLLLLLLLLLLLLLLLLLLLLLLLLLLCCCCLLCCSSSSSS...................................
..............................SSCLLLLLLLLLLLLLLLLLLLLLLLLLLLLLLLLLLLLLLLLLLLLCCCCCCLLLCCSSSS....................................
...............................SCCLLLLLLLLLLLLLLLLLLLLLLLLLLLLLLLLLLLLLLLLLLCCCCCCCLLLLCSS......................................
................................SCLLLLLLLLLLLLLLLLLLLLLLLLLLLLLLLLLLLLLLLLLLCCCCCLLLLLCSS.......................................
...............................SSCLLLLLLLLLLLLLLLLLLLLLLLLLLLLLLLLLLLLLLLLLLLLLLLLLLCCSS........................................
..............................SSCLLLLLLLLLLLLLLLLLLLLLLLLLLLLLLLLLLLLLLLLLLLLLLLLLCCSSS.........................................
..............................SCLLLLLLLLLLLLLLLLLLLLLLLLLLLLLLLLLLLLLLLLLLLLLLLLCCSSS...........................................
..............................SCLLLLLLLLLLLLLLLLLLLLLLLLLLLLLLLLLLLLLLLLLLLLLLLCCSS.............................................
..............................SCLLLLLLLLLLLLLLLLLLLLLLLLLLLLLLLLLLLLLLLLLLLLLLLCSS..............................................
..............................SCLLLLLLLLLLLLLLLLLLLLLLLLLLLLLLLLLLLLLLLLLLLLLLCSS...............................................
..............................SCCLLLLLLLLLLLLLLLLLLLLLLLLLLLLLLLLLLLLLLLLLLLCCSS................................................
..............................SSCLLLLLLLLLLLLLLLLLLLLLLLLLLLLLLLLLLLLLLLLLLLCSS.................................................
..............................SSCLLLLLLLLLLLLLLLLLLLLLLLLLLLLLLLLLLLLLLLLLLCC...................................................
..............................SSCLLLLLLLLLLLLLLLLLLLLLLLLLLLLLLLLLLLLLLLCCCCS...................................................
..............................SSCLLLLLLLLLLLLLLLLLLLLLLLLLLLLLLLLLLLLLCCCSS.....................................................
..............................SSCLLLLLLLLLLLLLLLLLLLLLLLLLLLLLLLLLLLLCCSS.......................................................
..............................SSCLLLLLLLLLLLLLLLLLLLLLLLLLLLLLLLLLLCCSS.........................................................
..............................SSCLLLLLLLLLLLLLLLLLLLLLLLLLLLLLLLLLCCSS..........................................................
...............................SSCLLLLLLLLLLLLLLLLLLLLLLLLLLLLLCCSSS............................................................
...............................SSSCLLLLLLLLLLLLLLLLLLLLLLLLLLLCCSSS.............................................................
................................SSCLLLLLLLLLLLLLLLLLLLLLLLLLLSCSS...............................................................
................................SSCLLLLLLLLLLLLLLLLLLLLLLLLCCCS.................................................................
................................SSCLLLLLLLLLLLLLLLLCCSSCCCCSSS..................................................................
................................SSCCLLLLLLLLLLLLLLCSSSSSSCSSS...................................................................
.................................SSCLLLLLLLLLLLLLCSSS...........................................................................
.................................SSCLLLLLLLLLLLCCSS.............................................................................
..................................SCLLLLLLLLLLCSSS..............................................................................
..................................SCLLLLLLLLLCSSS...............................................................................
..................................SCLLLLLLLLCSSS................................................................................
..................................SCLLLLLLLLCSS.................................................................................
.................................SSCLLLLLLLLCS..................................................................................
.................................SSCLLLLLLLCS...................................................................................
.................................SSCLLLLLLCSS...................................................................................
.................................SSCLLLLLLCSS...................................................................................
.................................SCLLLLLLLCS....................................................................................
................................SSCLLLLLLCSS....................................................................................
................................SSCLLLLLLCS.....................................................................................
................................SSCLLLLLLCS.....................................................................................
................................SSCLLLLLLCS.....................................................................................
................................SSCLLLLLLCS.....................................................................................
................................SSCLLLLLLCS.....................................................................................
................................SSCCLLLLLCS.....................................................................................
.................................SSCCLLCCSS.....................................................................................
..................................SSSCCSSS......................................................................................
................................................................................................................................
................................................................................................................................
................................................................................................................................
